30x50o x01
oooooooooo0ooooooooooooooooooooooooooooooooooooooo
o  oo           o    o        o o   o  o   o     o
o     o o       o    o            o     o     o  o
o     o   o        o      o     o oo      o      o
o            o      o     o  o    o     o   oo   o
o        o       o o ooo  o              ooo    oo
oo        o                   o    o        o   oo
o      o          o  ooo      o o         ooo  o o
o   o               o    o               o o  o oo
o o  o  o   o    o       ooo  o       o          o
o oo                        o     ooo      o  o  o
o     ooo o                o   o    oo oo        o
o   o  oo      o     o            o           o oo
o   o o     o oo   o  o  o ooo   o    o    o  o oo
o   o   o      oo       oo           o       o   o
o              o      o               o  o  oo   o
o    o     o       o o                 o o o o   o
o o o oo     o oo  o       o    o  oo   o  o    oo
o o                   o o                oo o oo o
o    o    o   oo    o     o            oo o  o   o
oo                   o     o    o  oooo o o      o
ooo o      o o         o ooo      o        o     o
o o    oo o o        o       o    o           o  o
o   o   o         o   o      o    o       o    o o
o o            o oo  o        o  o o       o  o  o
o      o  o  o  oo     o    o  o oo   o o    o   o
o      o      o        o             o          oo
o       o   oo             o   o o         o o  oo
o  ooo                 o     o  o   o ooooo      o
oooooooooooooooooooooooooo1ooooooooooooooooooooooo
